........................................................................ [  3%]
........................................................................ [  7%]
........................................................................ [ 11%]
........................................................................ [ 15%]
........................................................................ [ 19%]
........................................................................ [ 23%]
........................................................................ [ 27%]
........................................................................ [ 31%]
........................................................................ [ 35%]
........................................................................ [ 39%]
........................................................................ [ 43%]
........................................................................ [ 47%]
........................................................................ [ 51%]
........................................................................ [ 55%]
........................................................................ [ 59%]
........................................................................ [ 63%]
........................................................................ [ 67%]
........................................................................ [ 71%]
........................................................................ [ 75%]
........................................................................ [ 78%]
................................................ss...................... [ 82%]
........................................................................ [ 86%]
........................................................................ [ 90%]
........................................................................ [ 94%]
........................................................................ [ 98%]
.......................                                                  [100%]
=========================== short test summary info ============================
SKIPPED [1] ../../Users/kf/repos/csubst/tests/unit/test_structural_reference.py:89: could not import 'gemmi': No module named 'gemmi'
SKIPPED [1] ../../Users/kf/repos/csubst/tests/unit/test_structural_reference.py:105: could not import 'gemmi': No module named 'gemmi'
1821 passed, 2 skipped, 7 deselected in 20.18s
