Baseline: six original layouts, likelihoods and tip means reproduced.
FINISH 1 runs effect0-seed28101 baseline exit 0 4.561
FINISH 2 runs effect0-seed28101 candidate exit 0 2.458
FINISH 3 runs effect0-seed28101 kfl1ou exit 0 12.078
FINISH 4 runs effect0-seed28102 candidate exit 0 1.784
FINISH 5 runs effect0-seed28102 kfl1ou exit 0 10.729
FINISH 6 runs effect0-seed28102 baseline exit 0 3.807
FINISH 7 runs effect0-seed28103 kfl1ou exit 0 11.269
FINISH 8 runs effect0-seed28103 baseline exit 0 3.944
FINISH 9 runs effect0-seed28103 candidate exit 0 2.002
FINISH 10 runs effect0-seed28104 baseline exit 0 4.014
FINISH 11 runs effect0-seed28104 candidate exit 0 1.774
FINISH 12 runs effect0-seed28104 kfl1ou exit 0 11.161
FINISH 13 runs effect0-seed28105 candidate exit 0 2.117
FINISH 14 runs effect0-seed28105 kfl1ou exit 0 11.812
FINISH 15 runs effect0-seed28105 baseline exit 0 4.152
FINISH 16 runs effect0-seed28106 kfl1ou exit 0 12.421
FINISH 17 runs effect0-seed28106 baseline exit 0 3.717
FINISH 18 runs effect0-seed28106 candidate exit 0 2.444
FINISH 19 runs effect0-seed28107 baseline exit 0 3.712
FINISH 20 runs effect0-seed28107 candidate exit 0 1.796
FINISH 21 runs effect0-seed28107 kfl1ou exit 0 11.88
FINISH 22 runs effect0-seed28108 candidate exit 0 2.43
FINISH 23 runs effect0-seed28108 kfl1ou exit 0 12.497
FINISH 24 runs effect0-seed28108 baseline exit 0 3.912
FINISH 25 runs effect0-seed28109 kfl1ou exit 0 12.002
FINISH 26 runs effect0-seed28109 baseline exit 0 4.017
FINISH 27 runs effect0-seed28109 candidate exit 0 1.709
FINISH 28 runs effect0-seed28110 baseline exit 0 3.735
FINISH 29 runs effect0-seed28110 candidate exit 0 2.009
FINISH 30 runs effect0-seed28110 kfl1ou exit 0 11.92
FINISH 31 runs effect0-seed28111 candidate exit 0 1.917
FINISH 32 runs effect0-seed28111 kfl1ou exit 0 11.233
FINISH 33 runs effect0-seed28111 baseline exit 0 3.912
FINISH 34 runs effect0-seed28112 kfl1ou exit 0 11.009
FINISH 35 runs effect0-seed28112 baseline exit 0 3.914
FINISH 36 runs effect0-seed28112 candidate exit 0 1.512
FINISH 37 runs effect0-seed28113 baseline exit 0 3.72
FINISH 38 runs effect0-seed28113 candidate exit 0 2.02
FINISH 39 runs effect0-seed28113 kfl1ou exit 0 12.505
FINISH 40 runs effect0-seed28114 candidate exit 0 2.231
FINISH 41 runs effect0-seed28114 kfl1ou exit 0 10.711
FINISH 42 runs effect0-seed28114 baseline exit 0 3.705
FINISH 43 runs effect0-seed28115 kfl1ou exit 0 12.624
FINISH 44 runs effect0-seed28115 baseline exit 0 5.115
FINISH 45 runs effect0-seed28115 candidate exit 0 2.423
FINISH 46 runs effect0-seed28116 baseline exit 0 4.122
FINISH 47 runs effect0-seed28116 candidate exit 0 1.417
FINISH 48 runs effect0-seed28116 kfl1ou exit 0 11.844
FINISH 49 runs effect0-seed28117 candidate exit 0 1.913
FINISH 50 runs effect0-seed28117 kfl1ou exit 0 13.123
FINISH 51 runs effect0-seed28117 baseline exit 0 4.114
FINISH 52 runs effect0-seed28118 kfl1ou exit 0 11.422
FINISH 53 runs effect0-seed28118 baseline exit 0 3.914
FINISH 54 runs effect0-seed28118 candidate exit 0 2.097
FINISH 55 runs effect0-seed28119 baseline exit 0 3.914
FINISH 56 runs effect0-seed28119 candidate exit 0 2.104
FINISH 57 runs effect0-seed28119 kfl1ou exit 0 12.223
FINISH 58 runs effect0-seed28120 candidate exit 0 1.763
FINISH 59 runs effect0-seed28120 kfl1ou exit 0 11.102
FINISH 60 runs effect0-seed28120 baseline exit 0 3.816
FINISH 61 runs effect0-seed28121 kfl1ou exit 0 10.513
FINISH 62 runs effect0-seed28121 baseline exit 0 3.954
FINISH 63 runs effect0-seed28121 candidate exit 0 1.374
FINISH 64 runs effect0-seed28122 baseline exit 0 4.214
FINISH 65 runs effect0-seed28122 candidate exit 0 1.778
FINISH 66 runs effect0-seed28122 kfl1ou exit 0 11.373
FINISH 67 runs effect0-seed28123 candidate exit 0 2.229
FINISH 68 runs effect0-seed28123 kfl1ou exit 0 11.511
FINISH 69 runs effect0-seed28123 baseline exit 0 3.938
FINISH 70 runs effect0-seed28124 kfl1ou exit 0 11.721
FINISH 71 runs effect0-seed28124 baseline exit 0 4.074
FINISH 72 runs effect0-seed28124 candidate exit 0 2.189
FINISH 73 runs effect0-seed28125 baseline exit 0 4.005
FINISH 74 runs effect0-seed28125 candidate exit 0 2.084
FINISH 75 runs effect0-seed28125 kfl1ou exit 0 12.597
FINISH 76 runs effect0-seed28126 candidate exit 0 1.997
FINISH 77 runs effect0-seed28126 kfl1ou exit 0 14.071
FINISH 78 runs effect0-seed28126 baseline exit 0 4.008
FINISH 79 runs effect0-seed28127 kfl1ou exit 0 12.104
FINISH 80 runs effect0-seed28127 baseline exit 0 4.017
FINISH 81 runs effect0-seed28127 candidate exit 0 2.007
FINISH 82 runs effect0-seed28128 baseline exit 0 4.137
FINISH 83 runs effect0-seed28128 candidate exit 0 2.017
FINISH 84 runs effect0-seed28128 kfl1ou exit 0 10.919
FINISH 85 runs effect0-seed28129 candidate exit 0 1.98
FINISH 86 runs effect0-seed28129 kfl1ou exit 0 11.12
FINISH 87 runs effect0-seed28129 baseline exit 0 4.015
FINISH 88 runs effect0-seed28130 kfl1ou exit 0 11.923
FINISH 89 runs effect0-seed28130 baseline exit 0 3.729
FINISH 90 runs effect0-seed28130 candidate exit 0 1.594
FINISH 91 runs effect2-seed28101 baseline exit 0 4.317
FINISH 92 runs effect2-seed28101 candidate exit 0 2.211
FINISH 93 runs effect2-seed28101 kfl1ou exit 0 9.37
FINISH 94 runs effect2-seed28102 candidate exit 0 1.042
FINISH 95 runs effect2-seed28102 kfl1ou exit 0 9.114
FINISH 96 runs effect2-seed28102 baseline exit 0 4.787
FINISH 97 runs effect2-seed28103 kfl1ou exit 0 9.122
FINISH 98 runs effect2-seed28103 baseline exit 0 4.643
FINISH 99 runs effect2-seed28103 candidate exit 0 2.216
FINISH 100 runs effect2-seed28104 baseline exit 0 4.604
FINISH 101 runs effect2-seed28104 candidate exit 0 2.212
FINISH 102 runs effect2-seed28104 kfl1ou exit 0 9.411
FINISH 103 runs effect2-seed28105 candidate exit 0 2.013
FINISH 104 runs effect2-seed28105 kfl1ou exit 0 9.019
FINISH 105 runs effect2-seed28105 baseline exit 0 4.604
FINISH 106 runs effect2-seed28106 kfl1ou exit 0 10.42
FINISH 107 runs effect2-seed28106 baseline exit 0 4.436
FINISH 108 runs effect2-seed28106 candidate exit 0 2.306
FINISH 109 runs effect2-seed28107 baseline exit 0 4.116
FINISH 110 runs effect2-seed28107 candidate exit 0 1.91
FINISH 111 runs effect2-seed28107 kfl1ou exit 0 10.619
FINISH 112 runs effect2-seed28108 candidate exit 0 2.304
FINISH 113 runs effect2-seed28108 kfl1ou exit 0 9.519
FINISH 114 runs effect2-seed28108 baseline exit 0 4.118
FINISH 115 runs effect2-seed28109 kfl1ou exit 0 9.927
FINISH 116 runs effect2-seed28109 baseline exit 0 4.366
FINISH 117 runs effect2-seed28109 candidate exit 0 2.11
FINISH 118 runs effect2-seed28110 baseline exit 0 4.614
FINISH 119 runs effect2-seed28110 candidate exit 0 1.923
FINISH 120 runs effect2-seed28110 kfl1ou exit 0 9.099
FINISH 121 runs effect2-seed28111 candidate exit 0 2.111
FINISH 122 runs effect2-seed28111 kfl1ou exit 0 10.717
FINISH 123 runs effect2-seed28111 baseline exit 0 4.414
FINISH 124 runs effect2-seed28112 kfl1ou exit 0 9.328
FINISH 125 runs effect2-seed28112 baseline exit 0 4.506
FINISH 126 runs effect2-seed28112 candidate exit 0 2.224
FINISH 127 runs effect2-seed28113 baseline exit 0 4.316
FINISH 128 runs effect2-seed28113 candidate exit 0 1.62
FINISH 129 runs effect2-seed28113 kfl1ou exit 0 11.313
FINISH 130 runs effect2-seed28114 candidate exit 0 2.046
FINISH 131 runs effect2-seed28114 kfl1ou exit 0 8.809
FINISH 132 runs effect2-seed28114 baseline exit 0 4.27
FINISH 133 runs effect2-seed28115 kfl1ou exit 0 9.82
FINISH 134 runs effect2-seed28115 baseline exit 0 4.415
FINISH 135 runs effect2-seed28115 candidate exit 0 2.215
FINISH 136 runs effect2-seed28116 baseline exit 0 4.297
FINISH 137 runs effect2-seed28116 candidate exit 0 2.116
FINISH 138 runs effect2-seed28116 kfl1ou exit 0 10.389
FINISH 139 runs effect2-seed28117 candidate exit 0 2.213
FINISH 140 runs effect2-seed28117 kfl1ou exit 0 9.81
FINISH 141 runs effect2-seed28117 baseline exit 0 4.454
FINISH 142 runs effect2-seed28118 kfl1ou exit 0 8.713
FINISH 143 runs effect2-seed28118 baseline exit 0 4.3
FINISH 144 runs effect2-seed28118 candidate exit 0 2.213
FINISH 145 runs effect2-seed28119 baseline exit 0 4.475
FINISH 146 runs effect2-seed28119 candidate exit 0 2.319
FINISH 147 runs effect2-seed28119 kfl1ou exit 0 10.318
FINISH 148 runs effect2-seed28120 candidate exit 0 1.804
FINISH 149 runs effect2-seed28120 kfl1ou exit 0 12.624
FINISH 150 runs effect2-seed28120 baseline exit 0 4.613
FINISH 151 runs effect2-seed28121 kfl1ou exit 0 10.339
FINISH 152 runs effect2-seed28121 baseline exit 0 4.81
FINISH 153 runs effect2-seed28121 candidate exit 0 2.123
FINISH 154 runs effect2-seed28122 baseline exit 0 4.225
FINISH 155 runs effect2-seed28122 candidate exit 0 1.603
FINISH 156 runs effect2-seed28122 kfl1ou exit 0 8.79
FINISH 157 runs effect2-seed28123 candidate exit 0 2.301
FINISH 158 runs effect2-seed28123 kfl1ou exit 0 9.711
FINISH 159 runs effect2-seed28123 baseline exit 0 4.377
FINISH 160 runs effect2-seed28124 kfl1ou exit 0 10.111
FINISH 161 runs effect2-seed28124 baseline exit 0 4.311
FINISH 162 runs effect2-seed28124 candidate exit 0 2.114
FINISH 163 runs effect2-seed28125 baseline exit 0 4.407
FINISH 164 runs effect2-seed28125 candidate exit 0 1.985
FINISH 165 runs effect2-seed28125 kfl1ou exit 0 10.261
FINISH 166 runs effect2-seed28126 candidate exit 0 1.61
FINISH 167 runs effect2-seed28126 kfl1ou exit 0 9.31
FINISH 168 runs effect2-seed28126 baseline exit 0 4.402
FINISH 169 runs effect2-seed28127 kfl1ou exit 0 11.666
FINISH 170 runs effect2-seed28127 baseline exit 0 4.473
FINISH 171 runs effect2-seed28127 candidate exit 0 2.013
FINISH 172 runs effect2-seed28128 baseline exit 0 4.518
FINISH 173 runs effect2-seed28128 candidate exit 0 2.018
FINISH 174 runs effect2-seed28128 kfl1ou exit 0 8.764
FINISH 175 runs effect2-seed28129 candidate exit 0 2.196
FINISH 176 runs effect2-seed28129 kfl1ou exit 0 9.966
FINISH 177 runs effect2-seed28129 baseline exit 0 4.013
FINISH 178 runs effect2-seed28130 kfl1ou exit 0 10.119
FINISH 179 runs effect2-seed28130 baseline exit 0 4.381
FINISH 180 runs effect2-seed28130 candidate exit 0 2.408
FINISH 181 runs effect6-seed28101 baseline exit 0 4.719
FINISH 182 runs effect6-seed28101 candidate exit 0 1.912
FINISH 183 runs effect6-seed28101 kfl1ou exit 0 7.32
FINISH 184 runs effect6-seed28102 candidate exit 0 0.925
FINISH 185 runs effect6-seed28102 kfl1ou exit 0 8.61
FINISH 186 runs effect6-seed28102 baseline exit 0 4.456
FINISH 187 runs effect6-seed28103 kfl1ou exit 0 9.526
FINISH 188 runs effect6-seed28103 baseline exit 0 4.537
FINISH 189 runs effect6-seed28103 candidate exit 0 1.769
FINISH 190 runs effect6-seed28104 baseline exit 0 4.518
FINISH 191 runs effect6-seed28104 candidate exit 0 1.707
FINISH 192 runs effect6-seed28104 kfl1ou exit 0 7.383
FINISH 193 runs effect6-seed28105 candidate exit 0 2.128
FINISH 194 runs effect6-seed28105 kfl1ou exit 0 7.918
FINISH 195 runs effect6-seed28105 baseline exit 0 4.59
FINISH 196 runs effect6-seed28106 kfl1ou exit 0 9.518
FINISH 197 runs effect6-seed28106 baseline exit 0 4.559
FINISH 198 runs effect6-seed28106 candidate exit 0 1.946
FINISH 199 runs effect6-seed28107 baseline exit 0 4.815
FINISH 200 runs effect6-seed28107 candidate exit 0 2.512
FINISH 201 runs effect6-seed28107 kfl1ou exit 0 10.219
FINISH 202 runs effect6-seed28108 candidate exit 0 2.785
FINISH 203 runs effect6-seed28108 kfl1ou exit 0 9.119
FINISH 204 runs effect6-seed28108 baseline exit 0 4.514
FINISH 205 runs effect6-seed28109 kfl1ou exit 0 7.417
FINISH 206 runs effect6-seed28109 baseline exit 0 4.508
FINISH 207 runs effect6-seed28109 candidate exit 0 2.618
FINISH 208 runs effect6-seed28110 baseline exit 0 4.474
FINISH 209 runs effect6-seed28110 candidate exit 0 2.388
FINISH 210 runs effect6-seed28110 kfl1ou exit 0 8.408
FINISH 211 runs effect6-seed28111 candidate exit 0 2.114
FINISH 212 runs effect6-seed28111 kfl1ou exit 0 8.618
FINISH 213 runs effect6-seed28111 baseline exit 0 4.516
FINISH 214 runs effect6-seed28112 kfl1ou exit 0 8.113
FINISH 215 runs effect6-seed28112 baseline exit 0 4.916
FINISH 216 runs effect6-seed28112 candidate exit 0 1.666
FINISH 217 runs effect6-seed28113 baseline exit 0 4.609
FINISH 218 runs effect6-seed28113 candidate exit 0 1.51
FINISH 219 runs effect6-seed28113 kfl1ou exit 0 7.851
FINISH 220 runs effect6-seed28114 candidate exit 0 2.005
FINISH 221 runs effect6-seed28114 kfl1ou exit 0 8.436
FINISH 222 runs effect6-seed28114 baseline exit 0 4.515
FINISH 223 runs effect6-seed28115 kfl1ou exit 0 7.292
FINISH 224 runs effect6-seed28115 baseline exit 0 4.514
FINISH 225 runs effect6-seed28115 candidate exit 0 2.509
FINISH 226 runs effect6-seed28116 baseline exit 0 4.816
FINISH 227 runs effect6-seed28116 candidate exit 0 2.012
FINISH 228 runs effect6-seed28116 kfl1ou exit 0 9.814
FINISH 229 runs effect6-seed28117 candidate exit 0 2.117
FINISH 230 runs effect6-seed28117 kfl1ou exit 0 10.357
FINISH 231 runs effect6-seed28117 baseline exit 0 4.513
FINISH 232 runs effect6-seed28118 kfl1ou exit 0 7.891
FINISH 233 runs effect6-seed28118 baseline exit 0 4.616
FINISH 234 runs effect6-seed28118 candidate exit 0 2.104
FINISH 235 runs effect6-seed28119 baseline exit 0 4.515
FINISH 236 runs effect6-seed28119 candidate exit 0 2.528
FINISH 237 runs effect6-seed28119 kfl1ou exit 0 8.919
FINISH 238 runs effect6-seed28120 candidate exit 0 2.419
FINISH 239 runs effect6-seed28120 kfl1ou exit 0 8.603
FINISH 240 runs effect6-seed28120 baseline exit 0 4.517
FINISH 241 runs effect6-seed28121 kfl1ou exit 0 7.708
FINISH 242 runs effect6-seed28121 baseline exit 0 4.305
FINISH 243 runs effect6-seed28121 candidate exit 0 2.414
FINISH 244 runs effect6-seed28122 baseline exit 0 4.579
FINISH 245 runs effect6-seed28122 candidate exit 0 2.305
FINISH 246 runs effect6-seed28122 kfl1ou exit 0 6.917
FINISH 247 runs effect6-seed28123 candidate exit 0 2.613
FINISH 248 runs effect6-seed28123 kfl1ou exit 0 8.445
FINISH 249 runs effect6-seed28123 baseline exit 0 4.613
FINISH 250 runs effect6-seed28124 kfl1ou exit 0 10.462
FINISH 251 runs effect6-seed28124 baseline exit 0 4.717
FINISH 252 runs effect6-seed28124 candidate exit 0 2.446
FINISH 253 runs effect6-seed28125 baseline exit 0 4.505
FINISH 254 runs effect6-seed28125 candidate exit 0 1.668
FINISH 255 runs effect6-seed28125 kfl1ou exit 0 8.467
FINISH 256 runs effect6-seed28126 candidate exit 0 1.739
FINISH 257 runs effect6-seed28126 kfl1ou exit 0 6.997
FINISH 258 runs effect6-seed28126 baseline exit 0 4.524
FINISH 259 runs effect6-seed28127 kfl1ou exit 0 8.81
FINISH 260 runs effect6-seed28127 baseline exit 0 4.719
FINISH 261 runs effect6-seed28127 candidate exit 0 2.23
FINISH 262 runs effect6-seed28128 baseline exit 0 4.615
FINISH 263 runs effect6-seed28128 candidate exit 0 1.921
FINISH 264 runs effect6-seed28128 kfl1ou exit 0 7.508
FINISH 265 runs effect6-seed28129 candidate exit 0 2.087
FINISH 266 runs effect6-seed28129 kfl1ou exit 0 8.685
FINISH 267 runs effect6-seed28129 baseline exit 0 4.699
FINISH 268 runs effect6-seed28130 kfl1ou exit 0 8.734
FINISH 269 runs effect6-seed28130 baseline exit 0 4.815
FINISH 270 runs effect6-seed28130 candidate exit 0 2.017
FINISH 1 runs balanced-effect2-seed29101 baseline exit 0 4.111
FINISH 2 runs balanced-effect2-seed29101 candidate exit 0 1.804
FINISH 3 runs balanced-effect2-seed29101 kfl1ou exit 0 10.219
FINISH 4 runs balanced-effect2-seed29102 candidate exit 0 1.514
FINISH 5 runs balanced-effect2-seed29102 kfl1ou exit 0 10.837
FINISH 6 runs balanced-effect2-seed29102 baseline exit 0 4.067
FINISH 7 runs balanced-effect2-seed29103 kfl1ou exit 0 10.888
FINISH 8 runs balanced-effect2-seed29103 baseline exit 0 4.115
FINISH 9 runs balanced-effect2-seed29103 candidate exit 0 1.641
FINISH 10 runs balanced-effect6-seed29101 baseline exit 0 4.161
FINISH 11 runs balanced-effect6-seed29101 candidate exit 0 2.674
FINISH 12 runs balanced-effect6-seed29101 kfl1ou exit 0 7.513
FINISH 13 runs balanced-effect6-seed29102 candidate exit 0 1.786
FINISH 14 runs balanced-effect6-seed29102 kfl1ou exit 0 8.65
FINISH 15 runs balanced-effect6-seed29102 baseline exit 0 4.527
FINISH 16 runs balanced-effect6-seed29103 kfl1ou exit 0 8.975
FINISH 17 runs balanced-effect6-seed29103 baseline exit 0 4.116
FINISH 18 runs balanced-effect6-seed29103 candidate exit 0 2.133
FINISH 19 runs random-effect2-seed29101 baseline exit 0 4.707
FINISH 20 runs random-effect2-seed29101 candidate exit 0 2.513
FINISH 21 runs random-effect2-seed29101 kfl1ou exit 0 11.718
FINISH 22 runs random-effect2-seed29102 candidate exit 0 2.516
FINISH 23 runs random-effect2-seed29102 kfl1ou exit 0 10.844
FINISH 24 runs random-effect2-seed29102 baseline exit 0 4.506
FINISH 25 runs random-effect2-seed29103 kfl1ou exit 0 10.219
FINISH 26 runs random-effect2-seed29103 baseline exit 0 4.936
FINISH 27 runs random-effect2-seed29103 candidate exit 0 2.552
FINISH 28 runs random-effect6-seed29101 baseline exit 0 5.222
FINISH 29 runs random-effect6-seed29101 candidate exit 0 2.414
FINISH 30 runs random-effect6-seed29101 kfl1ou exit 0 9.81
FINISH 31 runs random-effect6-seed29102 candidate exit 0 2.813
FINISH 32 runs random-effect6-seed29102 kfl1ou exit 0 9.744
FINISH 33 runs random-effect6-seed29102 baseline exit 0 4.505
FINISH 34 runs random-effect6-seed29103 kfl1ou exit 0 9.736
FINISH 35 runs random-effect6-seed29103 baseline exit 0 4.607
FINISH 36 runs random-effect6-seed29103 candidate exit 0 2.209
