CSUBST start: 2026-09-11 07:51:38.382741+00:00
csubst scan start: 2026-09-11 07:51:38.383203+00:00
OS: Linux-6.12.76-linuxkit-aarch64-with-glibc2.39
Python version: 3.12.14 (main, Sep  2 2026, 23:29:55) [GCC 15.3.0]
CSUBST version: 1.16.0
CSUBST dependency versions: ete4=4.4.0, requests=2.34.2, numpy=1.26.4, scipy=1.17.1, pandas=3.0.5, cython=3.3.0, matplotlib=3.10.9
CSUBST missing dependency packages: none
CSUBST command: /opt/conda/bin/csubst scan --genetic_code 1 --alignment_file /tmp/gg-csubst-search/csubst.fasta --rooted_tree_file /tmp/gg-csubst-search/csubst.nwk --iqtree_treefile /tmp/gg-csubst-search/csubst.treefile --iqtree_state /tmp/gg-csubst-search/csubst.state --iqtree_rate /tmp/gg-csubst-search/csubst.rate --iqtree_iqtree /tmp/gg-csubst-search/csubst.iqtree --iqtree_log /tmp/gg-csubst-search/csubst.log --iqtree_model ECMK07+F+R4 --foreground /tmp/gg-csubst-search/foreground.tsv --fg_format 2 --scan_unit_mode clade --scan_match any2spe --scan_min_event_pp 0.5 --scan_min_support 2 --scan_rate_event_mode posterior_sum --scan_rate_length raw --scan_rate_exposure endpoint --scan_pvalue_calibration none --scan_n_permutations 0 --scan_site_plot yes --threads 1
CSUBST working directory: /tmp/gg-scan-joint-review
CSUBST bug report: https://github.com/kfuku52/csubst/issues
Scan foreground unit mode: clade
Reading and parsing input files.
Using internal node names and branch lengths in --iqtree_treefile and the root position in --rooted_tree_file.
All IQ-TREE intermediate files were explicitly specified. A provenance manifest is not required.
Using the model in the explicitly supplied IQ-TREE fit: ECMK07+F+R4. Use --iqtree_redo to refit.
Total branch length of --rooted_tree_file: 3.6000
Total branch length of --iqtree_treefile: 4.6609

Reading the state file: /tmp/gg-csubst-search/csubst.state

Could not parse codon frequencies from IQ-TREE 3 output. Estimating empirical codon frequencies from alignment: /tmp/gg-csubst-search/csubst.fasta
Instantaneous substitution rate matrix will be generated using the base model: ECMK07+F
Transition matrix will be generated using the model in the ancestral state reconstruction: ECMK07+F+R4
Applying estimated codon frequencies to obtain the instantaneous rate matrix.
Trait names in --foreground file: trait
Joint endpoint input: reading tip observations; internal posteriors will be recomputed.
Generating nonsynonymous substitution tensor for scan.
Scanning recurrent foreground substitution patterns.
Scan asymptotic P and trait-by-match BH values are exploratory diagnostics; they do not correct candidate discovery selection.
Writing /tmp/gg-scan-joint-review/csubst_scan/csubst_scan.tsv
Writing /tmp/gg-scan-joint-review/csubst_scan/csubst_scan_units.tsv
Writing /tmp/gg-scan-joint-review/csubst_scan/csubst_scan_calibration.json
Writing scan site visualization from detected candidates.
Writing tree + site plot: /tmp/gg-scan-joint-review/csubst_scan/csubst_scan.tree_site.pdf
Skipping tree + site category table.
Scan candidates: 5 rows, 2 foreground units.
Elapsed time: 0.0 sec

csubst scan: Time elapsed: 1 sec
csubst scan end: 2026-09-11 07:51:39.523595+00:00

CSUBST end: 2026-09-11 07:51:39.523928+00:00, Elapsed time = 1.0 sec
