IQ-TREE version 3.1.4 for Linux ARM 64-bit built Sep  9 2026
Developed by Bui Quang Minh, Thomas Wong, Nhan Ly-Trong, Huaiyan Ren
Contributed by Lam-Tung Nguyen, Dominik Schrempf, Chris Bielow,
Olga Chernomor, Michael Woodhams, Diep Thi Hoang, Heiko Schmidt

Host:    0ab44983db11 (SSE4.2, 7 GB RAM)
Command: iqtree -s csubst.fasta -te csubst.nwk -m ECMK07+F+R4 -T AUTO --threads-max 1 --seqtype CODON1 --prefix csubst --ancestral --rate --seed 12345 --redo
Seed:    12345 (Using SPRNG - Scalable Parallel Random Number Generator)
Time:    Fri Sep 11 07:50:22 2026
Kernel:  SSE2 - auto-detect threads (12 CPU cores detected)

Reading alignment file csubst.fasta ... Fasta format detected
Reading fasta file: done in 3.88622e-05 secs using 48.89% CPU
Alignment most likely contains DNA/RNA sequences
Converting to codon sequences with genetic code 1 ...
Constructing alignment: done in 8.2016e-05 secs using 815.7% CPU
Alignment has 8 sequences with 100 columns, 100 distinct patterns
50 parsimony-informative, 47 singleton sites, 3 constant sites
   Gap/Ambiguity  Composition  p-value
Analyzing sequences: done in 0.000100851 secs using 1019% CPU
   1  a    0.00%    passed     86.66%
   2  b    0.00%    passed     84.70%
   3  c    0.00%    passed     99.75%
   4  d    0.00%    passed     99.84%
   5  e    0.00%    passed     96.84%
   6  f    0.00%    passed     99.38%
   7  g    0.00%    passed     79.42%
   8  h    0.00%    passed     92.78%
****  TOTAL    0.00%  0 sequences failed composition chi2 test (p-value<5%; df=60)
Reading input tree file csubst.nwk ... rooted tree

NOTE: 2 MB RAM (0 GB) is required!
Measuring multi-threading efficiency up to 1 CPU cores
Increase to 10 rounds for branch lengths
5 trees examined
Threads: 1 / Time: 1.091 sec / Speedup: 1.000 / Efficiency: 100% / LogL: -2167
Determining AUTO threadcount: done in 1.09111 secs using 258% CPU
BEST NUMBER OF THREADS: 1

Estimate model parameters (epsilon = 0.010)
1. Initial log-likelihood: -2040.890
2. Current log-likelihood: -2022.729
3. Current log-likelihood: -2022.407
4. Current log-likelihood: -2022.242
5. Current log-likelihood: -2022.108
6. Current log-likelihood: -2021.999
7. Current log-likelihood: -2021.925
8. Current log-likelihood: -2021.887
9. Current log-likelihood: -2021.871
Optimal log-likelihood: -2021.866
Nonsynonymous/synonymous ratio (omega): 1.000
Transition/transversion ratio (kappa): 1.000
Site proportion and rates:  (0.183,0.464) (0.347,0.465) (0.206,1.579) (0.264,1.623)
Parameters optimization took 9 rounds (3.583 sec)
Wrote distance file to...
BEST SCORE FOUND : -2021.866
Ancestral state probabilities printed to csubst.state
Empirical proportions for each category: 0.000 0.550 0.000 0.450
Site rates printed to csubst.rate
Total tree length: 4.661

Total number of iterations: 0
CPU time used for tree search: 0.000 sec (0h:0m:0s)
Wall-clock time used for tree search: 0.000 sec (0h:0m:0s)
Total CPU time used: 6.580 sec (0h:0m:6s)
Total wall-clock time used: 4.748 sec (0h:0m:4s)

Analysis results written to:
  IQ-TREE report:                csubst.iqtree
  Maximum-likelihood tree:       csubst.treefile
  Site-specific rates:           csubst.rate
  Ancestral state:               csubst.state
  Screen log file:               csubst.log

Date and Time: Fri Sep 11 07:50:26 2026
CSUBST start: 2026-09-11 07:50:26.816241+00:00
csubst search start: 2026-09-11 07:50:26.816624+00:00
OS: Linux-6.12.76-linuxkit-aarch64-with-glibc2.39
Python version: 3.12.14 (main, Sep  2 2026, 23:29:55) [GCC 15.3.0]
CSUBST version: 1.16.0
CSUBST dependency versions: ete4=4.4.0, requests=2.34.2, numpy=1.26.4, scipy=1.17.1, pandas=3.0.5, cython=3.3.0, matplotlib=3.10.9
CSUBST missing dependency packages: none
CSUBST command: /opt/conda/bin/csubst search --genetic_code 1 --alignment_file ./csubst.fasta --rooted_tree_file ./csubst.nwk --iqtree_treefile ./csubst.treefile --iqtree_state ./csubst.state --iqtree_rate ./csubst.rate --iqtree_iqtree ./csubst.iqtree --iqtree_log ./csubst.log --iqtree_model ECMK07+F+R4 --max_arity 10 --exhaustive_until 1 --cutoff_stat OCNany2spe,2.0|omegaCany2spe,5.0 --max_combination 10000 --fg_exclude_wg no --fg_stem_only yes --nonsyn_recode no --expectation_method codon_model --threads 1 --foreground foreground.tsv --fg_format 2
CSUBST working directory: /tmp/gg-csubst-search
CSUBST bug report: https://github.com/kfuku52/csubst/issues
Reading and parsing input files.
Using internal node names and branch lengths in --iqtree_treefile and the root position in --rooted_tree_file.
All IQ-TREE intermediate files were explicitly specified. A provenance manifest is not required.
Using the model in the explicitly supplied IQ-TREE fit: ECMK07+F+R4. Use --iqtree_redo to refit.
Total branch length of --rooted_tree_file: 3.6000
Total branch length of --iqtree_treefile: 4.6609

Reading the state file: ./csubst.state

Could not parse codon frequencies from IQ-TREE 3 output. Estimating empirical codon frequencies from alignment: ./csubst.fasta
Instantaneous substitution rate matrix will be generated using the base model: ECMK07+F
Transition matrix will be generated using the model in the ancestral state reconstruction: ECMK07+F+R4
Applying estimated codon frequencies to obtain the instantaneous rate matrix.
Trait names in --foreground file: trait
Selective state loading disabled: joint endpoint inference conditions on all tips.
Joint endpoint input: reading tip observations; internal posteriors will be recomputed.
Joint endpoint inference: blocked pruning, block_size=64; no ancestral-history sampling.
Branch lengths of the IQ-TREE output are rescaled to match observed-codon-substitutions/codon-site, rather than nucleotide-substitutions/codon-site.
Total branch length before rescaling: 4.661 nucleotide substitutions / codon site
Total S+N branch length after rescaling: 3.336 codon substitutions / codon site
Total S branch length after rescaling: 1.136 codon substitutions / codon site
Total N branch length after rescaling: 2.200 codon substitutions / codon site
Synonymous substitutions / tree = 113.6
Nonsynonymous substitutions / tree = 220.0
Synonymous substitutions / branch = 8.1
Nonsynonymous substitutions / branch = 15.7
Synonymous substitutions / site = 1.1
Nonsynonymous substitutions / site = 2.2
Elapsed time: 0.0 sec

Generating s table
Time elapsed for merging tables: 0 sec
Memory consumption of s table: 0.0 Mbytes (dtype=float64)
Elapsed time: 0.0 sec

Generating b table
Time elapsed for merging tables: 0 sec
Number of S_sub patterns among 15 branches=15, min=0.0, max=10.8
Number of N_sub patterns among 15 branches=15, min=0.0, max=28.8
Memory consumption of b table: 0.0 Mbytes (dtype=object)
Elapsed time: 0.0 sec

Arity (K) = 2: Generating cb table
Arity (K) = 2: Targeted search of foreground branch combinations
Number of all branches: 14
Number of branch combinations before independency check for trait: 1
Number of branch combinations generated with global independence constraints: 1
Number of non-independent foreground branch combinations to be non-foreground-marked for trait: 0 / 1
Time elapsed for generating branch combinations: 0 sec
Number of independent branch combinations to be analyzed: 1
Preparing OCS table with up to 1 process(es).
Expected sparse reducer: stat=any2any, shape=(15, 2000), nnz=11,569, density=0.385633, backend=projection_product (pair_coverage=0.010, threshold=0.250)
Expected sparse reducer: stat=any2spe, shape=(15, 12000), nnz=36,169, density=0.200939, backend=projection_product (pair_coverage=0.010, threshold=0.201)
Preparing OCN table with up to 1 process(es).
Expected sparse reducer: stat=any2any, shape=(15, 100), nnz=1,400, density=0.933333, backend=projection_product (pair_coverage=0.010, threshold=0.250)
Expected sparse reducer: stat=any2spe, shape=(15, 2000), nnz=12,800, density=0.426667, backend=projection_product (pair_coverage=0.010, threshold=0.250)
Time elapsed for merging tables: 0 sec
Released peptide/nonsynonymous state storage (240,000 bytes).
Number of total empirically expected nonsynonymous substitutions in the tree: 139.34
Preparing the ECN table with up to 1 process(es).
Expected sparse reducer: stat=any2any, shape=(15, 100), nnz=1,400, density=0.933333, backend=projection_product (pair_coverage=0.010, threshold=0.250)
Expected sparse reducer: stat=any2spe, shape=(15, 2000), nnz=28,000, density=0.933333, backend=projection_product (pair_coverage=0.010, threshold=0.250)
Time elapsed for merging tables: 0 sec
Released codon state storage (732,000 bytes).
Number of total empirically expected synonymous substitutions in the tree: 194.65
Preparing the ECS table with up to 1 process(es).
Expected sparse reducer: stat=any2any, shape=(15, 2000), nnz=25,200, density=0.840000, backend=projection_product (pair_coverage=0.010, threshold=0.250)
Expected sparse reducer: stat=any2spe, shape=(15, 12000), nnz=82,600, density=0.458889, backend=projection_product (pair_coverage=0.010, threshold=0.250)
Time elapsed for merging tables: 0 sec
Arity = 2, cb: median omegaCany2any (non-corrected for dNc vs dSc distribution ranges): 12.356
Arity = 2, cb: median omegaCany2dif (non-corrected for dNc vs dSc distribution ranges): 2.165
Arity = 2, cb: median omegaCany2spe (non-corrected for dNc vs dSc distribution ranges): 845.556
Starting branch distance calculation. If it takes too long, disable this step by --branch_dist no
Branch-distance scheduler: combinations=1, workers=1 (threads=1, direct)
Inter-branch distance: 0th in the id range 0-1: 0 sec
Time elapsed for calculating inter-branch distances: 0 sec
Time elapsed for the linear regression of C ~ D: 0 sec
Arity (K) = 2: Foreground branch combinations with cutoff conditions OCNany2spe,2.0|omegaCany2spe,5.0 for trait = 100% (1/1, total examined = 1, enrichment factor = 1.0)
Time elapsed for obtaining foreground branch numbers in the cb table: 0 sec
Time elapsed for sorting cb table: 0 sec
Memory consumption of cb table: 0.0 Mbytes (dtype=object)
Total OCNany2any/ECNany2any = 8.6/2.9 (expectation = 33.7% of observation)
Total OCNany2dif/ECNany2dif = 1.9/2.6 (expectation = 134.1% of observation)
Total OCNany2spe/ECNany2spe = 6.7/0.3 (expectation = 4.8% of observation)
Total OCSany2any/ECSany2any = 0.7/2.9 (expectation = 416.4% of observation)
Total OCSany2dif/ECSany2dif = 0.7/2.0 (expectation = 290.2% of observation)
Total OCSany2spe/ECSany2spe = 0.0/0.9 (expectation = 4,098.9% of observation)
Elapsed time for arity = 2: 0.0 sec

Arity (K) = 3: Generating cb table
Arity (K) = 3: Heuristic search with 1 K-1 branch combinations that passed cutoff stats (OCNany2spe,2.0|omegaCany2spe,5.0)
Arity (K) = 3: Not enough eligible branches after --cutoff_stat, foreground selection, and --max_combination. Ending higher-order search at K = 3.
Writing /tmp/gg-csubst-search/csubst_search/csubst_cb_stats.tsv
csubst search: Time elapsed: 0 sec
csubst search end: 2026-09-11 07:50:27.554151+00:00

CSUBST end: 2026-09-11 07:50:27.554450+00:00, Elapsed time = 0.0 sec
search exit 0
