CSUBST start: 2026-09-11 07:50:55.237835+00:00
csubst sites start: 2026-09-11 07:50:55.238236+00:00
OS: Linux-6.12.76-linuxkit-aarch64-with-glibc2.39
Python version: 3.12.14 (main, Sep  2 2026, 23:29:55) [GCC 15.3.0]
CSUBST version: 1.16.0
CSUBST dependency versions: ete4=4.4.0, requests=2.34.2, numpy=1.26.4, scipy=1.17.1, pandas=3.0.5, cython=3.3.0, matplotlib=3.10.9
CSUBST missing dependency packages: none
CSUBST command: /opt/conda/bin/csubst sites --outdir csubst_sites --output_prefix csubst --alignment_file /tmp/gg-csubst-code2/csubst.fasta --rooted_tree_file /tmp/gg-csubst-code2/csubst.nwk --branch_id 1,2 --threads 1 --iqtree_treefile /tmp/gg-csubst-code2/csubst.treefile --iqtree_state /tmp/gg-csubst-code2/csubst.state --iqtree_rate /tmp/gg-csubst-code2/csubst.rate --iqtree_iqtree /tmp/gg-csubst-code2/csubst.iqtree --iqtree_log /tmp/gg-csubst-code2/csubst.log --genetic_code 2
CSUBST working directory: /tmp/gg-csubst-code2/explicit-code2
CSUBST bug report: https://github.com/kfuku52/csubst/issues
Reading and parsing input files.
Using internal node names and branch lengths in --iqtree_treefile and the root position in --rooted_tree_file.
All IQ-TREE intermediate files were explicitly specified. A provenance manifest is not required.
Using the model in the explicitly supplied IQ-TREE fit: GY+F+R4. Use --iqtree_redo to refit.
Total branch length of --rooted_tree_file: 3.6000
Total branch length of --iqtree_treefile: 4.1416

Reading the state file: /tmp/gg-csubst-code2/csubst.state

Could not parse codon frequencies from IQ-TREE 3 output. Estimating empirical codon frequencies from alignment: /tmp/gg-csubst-code2/csubst.fasta
Instantaneous substitution rate matrix will be generated using the base model: GY+F
Transition matrix will be generated using the model in the ancestral state reconstruction: GY+F+R4
Joint endpoint input: reading tip observations; internal posteriors will be recomputed.
Joint endpoint inference: blocked pruning, block_size=64; no ancestral-history sampling.

Processing --mode intersection with branch IDs: 1,2
Sparse cs backend: resolved=projection_product (combinations=1, sites=100, arity=2)
Sparse cs backend: resolved=projection_product (combinations=1, sites=100, arity=2)

Nonsynonymous and synonymous substitutions are shown in color and gray, respectively.
Alignment gap sites are indicated by gray scale (0% missing = white, 100% missing = black).
Writing tree + site plot: /tmp/gg-csubst-code2/explicit-code2/csubst_sites/csubst.branch_id1,2/csubst.tree_site.pdf
Writing tree + site category table: /tmp/gg-csubst-code2/explicit-code2/csubst_sites/csubst.branch_id1,2/csubst.tree_site.tsv
Writing site output manifest: /tmp/gg-csubst-code2/explicit-code2/csubst_sites/csubst.branch_id1,2/csubst.outputs.tsv
To visualize the convergence probability on protein structure, please see: https://github.com/kfuku52/csubst/wiki

csubst sites: Time elapsed: 2 sec
csubst sites end: 2026-09-11 07:50:57.740996+00:00

CSUBST end: 2026-09-11 07:50:57.741330+00:00, Elapsed time = 2.0 sec
